Page 1           Source Listing                  FITR30
2014-07-14 18:39                                 FITR30.f

      1       subroutine fitr30(field)
      2       dimension field(144,73),wave(2,32,32)
      3       dimension fieldt(144,73)
      4 C     dimension fac(64)
      5 
      6       pi=3.1415926
      7 
      8 c
      9 c      No coslat weighting --- Yuejian Zhu (06/23/2005)
     10 c
     11 
     12        do 80 j = 1,73
     13 c      coslat = sin(pi*2.5*(j-1)/180.0)
     14        coslat=1.0
     15        do 80 i = 1,144
     16   80   fieldt(i,j) = field(i,j) *  coslat
     17 c
     18 c      using sptez instead of sphert in splib
     19 c
     20        call sptez(1,31,0,144,73,wave,fieldt,-1)      
     21 
     22        do 85 i = 1,32
     23        wave(1,i,32) = 0.0
     24   85   wave(2,i,32) = 0.0
     25 
     26        call sptez(1,31,0,144,73,wave,fieldt,1)      
     27        do 90 j = 2,72
     28 c      coslat = sin(pi*2.5*(j-1)/180.0)
     29        coslat = 1.0
     30        do 90 i = 1,144
     31   90   field(i,j) = fieldt(i,j) /  coslat
     32 
     33       return
     34       end

Page 2           Source Listing                  FITR30
2014-07-14 18:39 Entry Points                    FITR30.f



ENTRY POINTS

  Name               
                     
 fitr30_             


SYMBOL CROSS REFERENCE

 Name                       Object Declared Type            Bytes Dimen Elements Attributes       References                        
                                                                                                                                    
 80                         Label  16                                                             12,15                             
 85                         Label  24                                                             22                                
 90                         Label  31                                                             27,30                             
 COSLAT                     Local  14       R(8)            8           scalar                    14,16,29,31                       
 FIELD                      Dummy  1        R(8)            8     2     10512    ARG,INOUT        16,31                             
 FIELDT                     Local  3        R(8)            8     2     10512                     16,20,26,31                       
 FITR30                     Subr   1                                                                                                
 I                          Local  15       I(4)            4           scalar                    15,16,22,23,24,30,31              
 J                          Local  12       I(4)            4           scalar                    12,16,27,31                       
 PI                         Local  6        R(8)            8           scalar                    6                                 
 SPTEZ                      Subr   20                                                             20,26                             
 WAVE                       Local  2        R(8)            8     3     2048                      20,23,24,26                       

Page 3           Source Listing                  FITR30
2014-07-14 18:39                                 FITR30.f

     35 

Page 4           Source Listing                  FITR30
2014-07-14 18:39 Subprograms/Common Blocks       FITR30.f



SUBPROGRAMS/COMMON BLOCKS

 Name                       Object Declared Type            Bytes Dimen Elements Attributes       References                        
                                                                                                                                    
 FITR30                     Subr   1                                                                                                

COMPILER OPTIONS BEING USED

       -align nocommons                      -align nodcommons
       -align noqcommons                     -align records
       -align nosequence                     -align norec1byte
       -align norec2byte                     -align norec4byte
       -align norec8byte                     -align norec16byte
       -altparam                             -assume accuracy_sensitive
       -assume nobscc                        -assume nobuffered_io
       -assume byterecl                      -assume cc_omp
       -assume nocstring                     -assume nodummy_aliases
       -assume nofpe_summary                 -assume noieee_fpe_flags
       -assume nominus0                      -assume noold_boz
       -assume old_unit_star                 -assume old_ldout_format
       -assume noold_logical_ldio            -assume old_maxminloc
       -assume old_xor                       -assume protect_constants
       -assume noprotect_parens              -assume split_common
       -assume source_include                -assume nostd_intent_in
       -assume nostd_mod_proc_name           -assume norealloc_lhs
       -assume underscore                    -assume no2underscores
       -auto                            no   -auto_scalar
  no   -bintext                              -ccdefault default
       -check noargs                         -check noarg_temp_created
       -check nobounds                       -check noformat
       -check nooutput_conversion            -check nooverflow
       -check nopointers                     -check power
       -check noshape                        -check nounderflow
       -check nouninitialized                -coarray-num-procs 0
  no   -coarray-config-file                  -convert big_endian
       -cross_reference                      -D __INTEL_COMPILER=1210
       -D __unix__                           -D __unix
       -D __linux__                          -D __linux
       -D __gnu_linux__                      -D unix
       -D linux                              -D __ELF__
       -D __x86_64                           -D __x86_64__
       -D _MT                                -D __INTEL_COMPILER_BUILD_DATE=20120612
       -D _OPENMP=201107                     -D __pentium4
       -D __pentium4__                       -D __tune_pentium4__
       -D __SSE2__                           -D __SSE3__
       -D __SSSE3__                          -D __SSE4_1__
       -D __SSE4_2__                         -D __SSE__
       -D __MMX__                            -D __AVX__
       -double_size 64                  no   -d_lines
  no   -Qdyncom                              -error_limit 30
  no   -f66                             no   -f77rtl
  no   -fast                                 -fpscomp nofilesfromcmd
       -fpscomp nogeneral                    -fpscomp noioformat
       -fpscomp noldio_spacing               -fpscomp nologicals
       -fixed                           no   -fpconstant

Page 5           Source Listing                  FITR30
2014-07-14 18:39                                 FITR30.f

       -fpe3                                 -fprm nearest
  no   -ftz                                  -fp_model noprecise
       -fp_model fast                        -fp_model nostrict
       -fp_model nosource                    -fp_model nodouble
       -fp_model noextended                  -fp_model novery_fast
       -fp_model noexcept                    -fp_model nono_except
       -fp_modbits nofp_contract             -fp_modbits nono_fp_contract
       -fp_modbits nofenv_access             -fp_modbits nono_fenv_access
       -fp_modbits nocx_limited_range        -fp_modbits nono_cx_limited_range
       -fp_modbits noprec_div                -fp_modbits nono_prec_div
       -fp_modbits noprec_sqrt               -fp_modbits nono_prec_sqrt
       -fp_modbits noftz                     -fp_modbits nono_ftz
       -fp_modbits nointrin_limited_range       -fp_modbits nono_intrin_limited_range
       -fp_modbits notrunc_compares          -fp_modbits nono_trunc_compares
       -fp_modbits noieee_nan_compares       -fp_modbits nono_ieee_nan_compares
       -fp_modbits honor_f32_conversion       -fp_modbits nono_honor_f32_conversion
       -fp_modbits honor_f64_conversion       -fp_modbits nono_honor_f64_conversion
       -fp_modbits nono_x87_copy             -fp_modbits nono_no_x87_copy
       -fp_modbits noexception_semantics       -fp_modbits nono_exception_semantics
       -fp_modbits noprecise_libm_functions       -fp_modbits nono_precise_libm_functions
       -heap_arrays 0                   no   -threadprivate_compat
       -g0                                   -iface nomixed_str_len_arg
       -iface nono_mixed_str_len_arg    no   -intconstant
       -integer_size 32                 no   -mixed_str_len_arg
  no   -module                               -names lowercase
  no   -noinclude                            -openmp
       -O0                              no   -pad_source
       -real_size 64                    no   -recursive
       -reentrancy threaded             no   -sharable_localsaves
       -vec=simd                             -show noinclude
       -show map                             -show options
  no   -syntax_only                     no   -threadcom
  no   -U                               no   -vms
       -w noall                              -w nonone
       -w alignments                         -w noargument_checking
       -w nodeclarations                     -w general
       -w noignore_bounds                    -w noignore_loc
       -w nointerfaces                       -w notruncated_source
       -w uncalled                           -w uninitialized
       -w nounused                           -w usage

       -includepath : /usrx/local/intel/composerxe/tbb/include/,/usr/include/,./,/usrx/local/intel/composerxe/mkl/include/intel64/lp64/,
           /usrx/local/intel/composerxe/mkl/include/,/usrx/local/intel/composerxe/mkl/include/,/usrx/local/intel/composerxe/tbb/include/,
           /gpfs/tp1/usrx/local/intel/composer_xe_2011_sp1.11.339/compiler/include/intel64/,/gpfs/tp1/usrx/local/intel/composer_xe_2011_sp1.11.339/compiler/include/,
           /usr/local/include/,/usr/lib/gcc/x86_64-redhat-linux/4.4.7/include/,/usr/include/,/usr/include/
       -list filename : FITR30.lst
       -o    filename : none

COMPILER: Intel(R) Fortran 12.1-2100
