Page 1           Source Listing                  SUMWAV
2014-07-14 18:39                                 SUMWAV.f

      1       subroutine sumwav(w,y)   
      2 CCCCCCCCCCCCCCCCCCCCCCCCCCCCCCCCCCCCCCCCCCCCCCCCCCCCCCCCCCCCCCCCCCCCCC
      3 C                                                                    C
      4 C     USAGE: SUM 20 WAVES TO 4 GROUPS                                C
      5 C            group 1: wave 1-3                                       C
      6 C            group 2: wave 4-9                                       C
      7 C            group 3: wave 10-20                                     C
      8 C            group 4: wave 1-20                                      C
      9 C     CODE : F77 on IBMSP --- Yuejian Zhu (05/10/99)                 C
     10 C                                                                    C
     11 C     INPUT: w(20)                                                   C
     12 C                                                                    C
     13 C     OUTPUT: y(4)                                                   C
     14 C                                                                    C
     15 CCCCCCCCCCCCCCCCCCCCCCCCCCCCCCCCCCCCCCCCCCCCCCCCCCCCCCCCCCCCCCCCCCCCCC
     16 c
     17       dimension w(20),y(4)
     18       do 100 k=1,4
     19       y(k)=0.0
     20   100 continue
     21       do 200 k=1,3
     22       y(1)=y(1)+w(k)
     23   200 continue
     24       do 300 k=4,9
     25       y(2)=y(2)+w(k)
     26   300 continue
     27       do 400 k=10,20
     28       y(3)=y(3)+w(k)
     29   400 continue
     30       do 500 k=1,20
     31       y(4)=y(4)+w(k)
     32   500 continue
     33       return
     34       end

Page 2           Source Listing                  SUMWAV
2014-07-14 18:39 Entry Points                    SUMWAV.f



ENTRY POINTS

  Name               
                     
 sumwav_             


SYMBOL CROSS REFERENCE

 Name                       Object Declared Type            Bytes Dimen Elements Attributes       References                        
                                                                                                                                    
 100                        Label  20                                                             18                                
 200                        Label  23                                                             21                                
 300                        Label  26                                                             24                                
 400                        Label  29                                                             27                                
 500                        Label  32                                                             30                                
 K                          Local  18       I(4)            4           scalar                    18,19,21,22,24,25,27,28,30,31     
 SUMWAV                     Subr   1                                                                                                
 W                          Dummy  1        R(8)            8     1     20       ARG,INOUT        22,25,28,31                       
 Y                          Dummy  1        R(8)            8     1     4        ARG,INOUT        19,22,25,28,31                    

Page 3           Source Listing                  SUMWAV
2014-07-14 18:39                                 SUMWAV.f

     35 

Page 4           Source Listing                  SUMWAV
2014-07-14 18:39 Subprograms/Common Blocks       SUMWAV.f



SUBPROGRAMS/COMMON BLOCKS

 Name                       Object Declared Type            Bytes Dimen Elements Attributes       References                        
                                                                                                                                    
 SUMWAV                     Subr   1                                                                                                

COMPILER OPTIONS BEING USED

       -align nocommons                      -align nodcommons
       -align noqcommons                     -align records
       -align nosequence                     -align norec1byte
       -align norec2byte                     -align norec4byte
       -align norec8byte                     -align norec16byte
       -altparam                             -assume accuracy_sensitive
       -assume nobscc                        -assume nobuffered_io
       -assume byterecl                      -assume cc_omp
       -assume nocstring                     -assume nodummy_aliases
       -assume nofpe_summary                 -assume noieee_fpe_flags
       -assume nominus0                      -assume noold_boz
       -assume old_unit_star                 -assume old_ldout_format
       -assume noold_logical_ldio            -assume old_maxminloc
       -assume old_xor                       -assume protect_constants
       -assume noprotect_parens              -assume split_common
       -assume source_include                -assume nostd_intent_in
       -assume nostd_mod_proc_name           -assume norealloc_lhs
       -assume underscore                    -assume no2underscores
       -auto                            no   -auto_scalar
  no   -bintext                              -ccdefault default
       -check noargs                         -check noarg_temp_created
       -check nobounds                       -check noformat
       -check nooutput_conversion            -check nooverflow
       -check nopointers                     -check power
       -check noshape                        -check nounderflow
       -check nouninitialized                -coarray-num-procs 0
  no   -coarray-config-file                  -convert big_endian
       -cross_reference                      -D __INTEL_COMPILER=1210
       -D __unix__                           -D __unix
       -D __linux__                          -D __linux
       -D __gnu_linux__                      -D unix
       -D linux                              -D __ELF__
       -D __x86_64                           -D __x86_64__
       -D _MT                                -D __INTEL_COMPILER_BUILD_DATE=20120612
       -D _OPENMP=201107                     -D __pentium4
       -D __pentium4__                       -D __tune_pentium4__
       -D __SSE2__                           -D __SSE3__
       -D __SSSE3__                          -D __SSE4_1__
       -D __SSE4_2__                         -D __SSE__
       -D __MMX__                            -D __AVX__
       -double_size 64                  no   -d_lines
  no   -Qdyncom                              -error_limit 30
  no   -f66                             no   -f77rtl
  no   -fast                                 -fpscomp nofilesfromcmd
       -fpscomp nogeneral                    -fpscomp noioformat
       -fpscomp noldio_spacing               -fpscomp nologicals
       -fixed                           no   -fpconstant

Page 5           Source Listing                  SUMWAV
2014-07-14 18:39                                 SUMWAV.f

       -fpe3                                 -fprm nearest
  no   -ftz                                  -fp_model noprecise
       -fp_model fast                        -fp_model nostrict
       -fp_model nosource                    -fp_model nodouble
       -fp_model noextended                  -fp_model novery_fast
       -fp_model noexcept                    -fp_model nono_except
       -fp_modbits nofp_contract             -fp_modbits nono_fp_contract
       -fp_modbits nofenv_access             -fp_modbits nono_fenv_access
       -fp_modbits nocx_limited_range        -fp_modbits nono_cx_limited_range
       -fp_modbits noprec_div                -fp_modbits nono_prec_div
       -fp_modbits noprec_sqrt               -fp_modbits nono_prec_sqrt
       -fp_modbits noftz                     -fp_modbits nono_ftz
       -fp_modbits nointrin_limited_range       -fp_modbits nono_intrin_limited_range
       -fp_modbits notrunc_compares          -fp_modbits nono_trunc_compares
       -fp_modbits noieee_nan_compares       -fp_modbits nono_ieee_nan_compares
       -fp_modbits honor_f32_conversion       -fp_modbits nono_honor_f32_conversion
       -fp_modbits honor_f64_conversion       -fp_modbits nono_honor_f64_conversion
       -fp_modbits nono_x87_copy             -fp_modbits nono_no_x87_copy
       -fp_modbits noexception_semantics       -fp_modbits nono_exception_semantics
       -fp_modbits noprecise_libm_functions       -fp_modbits nono_precise_libm_functions
       -heap_arrays 0                   no   -threadprivate_compat
       -g0                                   -iface nomixed_str_len_arg
       -iface nono_mixed_str_len_arg    no   -intconstant
       -integer_size 32                 no   -mixed_str_len_arg
  no   -module                               -names lowercase
  no   -noinclude                            -openmp
       -O0                              no   -pad_source
       -real_size 64                    no   -recursive
       -reentrancy threaded             no   -sharable_localsaves
       -vec=simd                             -show noinclude
       -show map                             -show options
  no   -syntax_only                     no   -threadcom
  no   -U                               no   -vms
       -w noall                              -w nonone
       -w alignments                         -w noargument_checking
       -w nodeclarations                     -w general
       -w noignore_bounds                    -w noignore_loc
       -w nointerfaces                       -w notruncated_source
       -w uncalled                           -w uninitialized
       -w nounused                           -w usage

       -includepath : /usrx/local/intel/composerxe/tbb/include/,/usr/include/,./,/usrx/local/intel/composerxe/mkl/include/intel64/lp64/,
           /usrx/local/intel/composerxe/mkl/include/,/usrx/local/intel/composerxe/mkl/include/,/usrx/local/intel/composerxe/tbb/include/,
           /gpfs/tp1/usrx/local/intel/composer_xe_2011_sp1.11.339/compiler/include/intel64/,/gpfs/tp1/usrx/local/intel/composer_xe_2011_sp1.11.339/compiler/include/,
           /usr/local/include/,/usr/lib/gcc/x86_64-redhat-linux/4.4.7/include/,/usr/include/,/usr/include/
       -list filename : SUMWAV.lst
       -o    filename : none

COMPILER: Intel(R) Fortran 12.1-2100
